*** EVALUATION ***
PROGRAM "BootLoaderv2.abs"

*********************************************************************************************
TARGET SECTION
---------------------------------------------------------------------------------------------
Processor   : Freescale HC08
Memory Model: SMALL
File Format : ELF\DWARF 2.0
Linker      : SmartLinker V-5.0.51 Build 14019, Jan 20 2014

*********************************************************************************************
FILE SECTION
---------------------------------------------------------------------------------------------
MCUinit_c.obj                           Model: SMALL,         Lang: ANSI-C
main_c.obj                              Model: SMALL,         Lang: ANSI-C
start08_c.obj                           Model: SMALL,         Lang: ANSI-C
mc9s08qg8_c.obj                         Model: SMALL,         Lang: ANSI-C
rtshc08.o (ansiis.lib)                  Model: SMALL,         Lang: ANSI-C

*********************************************************************************************
STARTUP SECTION
---------------------------------------------------------------------------------------------
Entry point: 0xFA7B (_Startup)
_startupData is allocated at 0xFA84 and uses 6 Bytes
extern struct _tagStartup {
  unsigned nofZeroOut     1
  _Range   pZeroOut       0x100     282
  _Copy    *toCopyDownBeg 0xFD4B
} _startupData;

*********************************************************************************************
SECTION-ALLOCATION SECTION
Section Name                    Size  Type     From       To       Segment
---------------------------------------------------------------------------------------------
.data                             59   R/W      0x100      0x13A   RAM
.init                            132     R     0xFA00     0xFA83   ROM
.startData                        14     R     0xFA84     0xFA91   ROM
.text                            697     R     0xFA92     0xFD4A   ROM
.copy                             65     R     0xFD4B     0xFD8B   ROM
.abs_section_ffbd                  1     R     0xFFBD     0xFFBD   .absSeg0
.abs_section_ffbf                  1     R     0xFFBF     0xFFBF   .absSeg1
.abs_section_ffe0                  2     R     0xFFE0     0xFFE1   .absSeg2
.abs_section_0                     1   N/I        0x0        0x0   .absSeg3
.abs_section_1                     1   N/I        0x1        0x1   .absSeg4
.abs_section_2                     1   N/I        0x2        0x2   .absSeg5
.abs_section_3                     1   N/I        0x3        0x3   .absSeg6
.abs_section_c                     1   N/I        0xC        0xC   .absSeg7
.abs_section_d                     1   N/I        0xD        0xD   .absSeg8
.abs_section_e                     1   N/I        0xE        0xE   .absSeg9
.abs_section_f                     1   N/I        0xF        0xF   .absSeg10
.abs_section_10                    1   N/I       0x10       0x10   .absSeg11
.abs_section_11                    1   N/I       0x11       0x11   .absSeg12
.abs_section_16                    1   N/I       0x16       0x16   .absSeg13
.abs_section_17                    1   N/I       0x17       0x17   .absSeg14
.abs_section_1a                    1   N/I       0x1A       0x1A   .absSeg15
.abs_section_22                    1   N/I       0x22       0x22   .absSeg16
.abs_section_23                    1   N/I       0x23       0x23   .absSeg17
.abs_section_24                    1   N/I       0x24       0x24   .absSeg18
.abs_section_25                    1   N/I       0x25       0x25   .absSeg19
.abs_section_26                    1   N/I       0x26       0x26   .absSeg20
.abs_section_27                    1   N/I       0x27       0x27   .absSeg21
.abs_section_28                    1   N/I       0x28       0x28   .absSeg22
.abs_section_29                    1   N/I       0x29       0x29   .absSeg23
.abs_section_2a                    1   N/I       0x2A       0x2A   .absSeg24
.abs_section_2b                    1   N/I       0x2B       0x2B   .absSeg25
.abs_section_2d                    1   N/I       0x2D       0x2D   .absSeg26
.abs_section_30                    1   N/I       0x30       0x30   .absSeg27
.abs_section_31                    1   N/I       0x31       0x31   .absSeg28
.abs_section_32                    1   N/I       0x32       0x32   .absSeg29
.abs_section_33                    1   N/I       0x33       0x33   .absSeg30
.abs_section_34                    1   N/I       0x34       0x34   .absSeg31
.abs_section_38                    1   N/I       0x38       0x38   .absSeg32
.abs_section_39                    1   N/I       0x39       0x39   .absSeg33
.abs_section_3a                    1   N/I       0x3A       0x3A   .absSeg34
.abs_section_3b                    1   N/I       0x3B       0x3B   .absSeg35
.abs_section_3c                    1   N/I       0x3C       0x3C   .absSeg36
.abs_section_3d                    1   N/I       0x3D       0x3D   .absSeg37
.abs_section_3e                    1   N/I       0x3E       0x3E   .absSeg38
.abs_section_3f                    1   N/I       0x3F       0x3F   .absSeg39
.abs_section_40                    1   N/I       0x40       0x40   .absSeg40
.abs_section_45                    1   N/I       0x45       0x45   .absSeg41
.abs_section_48                    1   N/I       0x48       0x48   .absSeg42
.abs_section_1800                  1   N/I     0x1800     0x1800   .absSeg43
.abs_section_1801                  1   N/I     0x1801     0x1801   .absSeg44
.abs_section_1802                  1   N/I     0x1802     0x1802   .absSeg45
.abs_section_1803                  1   N/I     0x1803     0x1803   .absSeg46
.abs_section_1808                  1   N/I     0x1808     0x1808   .absSeg47
.abs_section_1809                  1   N/I     0x1809     0x1809   .absSeg48
.abs_section_180a                  1   N/I     0x180A     0x180A   .absSeg49
.abs_section_180c                  1   N/I     0x180C     0x180C   .absSeg50
.abs_section_1816                  1   N/I     0x1816     0x1816   .absSeg51
.abs_section_1817                  1   N/I     0x1817     0x1817   .absSeg52
.abs_section_1818                  1   N/I     0x1818     0x1818   .absSeg53
.abs_section_1820                  1   N/I     0x1820     0x1820   .absSeg54
.abs_section_1821                  1   N/I     0x1821     0x1821   .absSeg55
.abs_section_1823                  1   N/I     0x1823     0x1823   .absSeg56
.abs_section_1824                  1   N/I     0x1824     0x1824   .absSeg57
.abs_section_1825                  1   N/I     0x1825     0x1825   .absSeg58
.abs_section_1826                  1   N/I     0x1826     0x1826   .absSeg59
.abs_section_1840                  1   N/I     0x1840     0x1840   .absSeg60
.abs_section_1841                  1   N/I     0x1841     0x1841   .absSeg61
.abs_section_1842                  1   N/I     0x1842     0x1842   .absSeg62
.abs_section_1844                  1   N/I     0x1844     0x1844   .absSeg63
.abs_section_1845                  1   N/I     0x1845     0x1845   .absSeg64
.abs_section_1846                  1   N/I     0x1846     0x1846   .absSeg65
.abs_section_12                    2   N/I       0x12       0x13   .absSeg66
.abs_section_14                    2   N/I       0x14       0x15   .absSeg67
.abs_section_20                    2   N/I       0x20       0x21   .absSeg68
.abs_section_41                    2   N/I       0x41       0x42   .absSeg69
.abs_section_43                    2   N/I       0x43       0x44   .absSeg70
.abs_section_46                    2   N/I       0x46       0x47   .absSeg71
.abs_section_49                    2   N/I       0x49       0x4A   .absSeg72
.abs_section_1806                  2   N/I     0x1806     0x1807   .absSeg73
.abs_section_1810                  2   N/I     0x1810     0x1811   .absSeg74
.abs_section_1812                  2   N/I     0x1812     0x1813   .absSeg75
.abs_section_1814                  2   N/I     0x1814     0x1815   .absSeg76
.common                          223   R/W      0x13B      0x219   RAM
.stack                            64   R/W      0x21A      0x259   RAM
.vectSeg77_vect                    2     R     0xFFFE     0xFFFF   .vectSeg77

Summary of section sizes per section type:
READ_ONLY (R):         392 (dec:      914)
READ_WRITE (R/W):      15A (dec:      346)
NO_INIT (N/I):          55 (dec:       85)

*********************************************************************************************
VECTOR-ALLOCATION SECTION
    Address     InitValue   InitFunction
---------------------------------------------------------------------------------------------
     0xFFFE        0xFA7B   _Startup

*********************************************************************************************
OBJECT-ALLOCATION SECTION
     Name               Module                 Addr   hSize   dSize     Ref    Section   RLIB
---------------------------------------------------------------------------------------------
MODULE:                 -- MCUinit_c.obj --
- PROCEDURES:
     MCU_init                                  FA92      39      57       1   .text       
- VARIABLES:
     NVPROT_INIT                               FFBD       1       1       0   .abs_section_ffbd
     NVOPT_INIT                                FFBF       1       1       0   .abs_section_ffbf
MODULE:                 -- main_c.obj --
- PROCEDURES:
     SCI_Rx_IRS                                FACB      20      32       1   .text       
     main                                      FAEB     254     596      13   .text       
- VARIABLES:
     PGM                                        100      3B      59      14   .data       
     _Vector_15                                FFE0       2       2       0   .abs_section_ffe0
     temp                                       13B       1       1       6   .common     
     NumVectores                                13C       1       1       1   .common     
     index                                      13D       2       2       4   .common     
     NewCode                                    13F      C8     200      10   .common     
     ReceivedDataFlag                           207       1       1       3   .common     
     wait_time_ms                               208       2       2       7   .common     
     i                                          20A       2       2      23   .common     
     posSize                                    20C       2       2       3   .common     
     posDir                                     20E       2       2       4   .common     
     size                                       210       1       1       4   .common     
     dir                                        211       2       2       2   .common     
     count                                      213       1       1       4   .common     
     testDir                                    214       2       2       1   .common     
     testData                                   216       1       1       2   .common     
     SCILoaded                                  217       1       1       1   .common     
     interruptVectors                           218       2       2       5   .common     
MODULE:                 -- start08_c.obj --
- PROCEDURES:
     loadByte                                  FA00       E      14       5   .init       
     Init                                      FA0E      6D     109       1   .init       
     _Startup                                  FA7B       9       9       0   .init       
- VARIABLES:
     _startupData                              FA84       6       6       4   .startData  
- LABELS:
     __SEG_END_SSTACK                           25A       0       0       1               
MODULE:                 -- mc9s08qg8_c.obj --
- PROCEDURES:
- VARIABLES:
     _PTAD                                        0       1       1       0   .abs_section_0
     _PTADD                                       1       1       1       0   .abs_section_1
     _PTBD                                        2       1       1       0   .abs_section_2
     _PTBDD                                       3       1       1       0   .abs_section_3
     _KBISC                                       C       1       1       0   .abs_section_c
     _KBIPE                                       D       1       1       0   .abs_section_d
     _KBIES                                       E       1       1       0   .abs_section_e
     _IRQSC                                       F       1       1       0   .abs_section_f
     _ADCSC1                                     10       1       1       0   .abs_section_10
     _ADCSC2                                     11       1       1       0   .abs_section_11
     _ADCCFG                                     16       1       1       0   .abs_section_16
     _APCTL1                                     17       1       1       0   .abs_section_17
     _ACMPSC                                     1A       1       1       0   .abs_section_1a
     _SCIC1                                      22       1       1       0   .abs_section_22
     _SCIC2                                      23       1       1       3   .abs_section_23
     _SCIS1                                      24       1       1       1   .abs_section_24
     _SCIS2                                      25       1       1       0   .abs_section_25
     _SCIC3                                      26       1       1       0   .abs_section_26
     _SCID                                       27       1       1       1   .abs_section_27
     _SPIC1                                      28       1       1       0   .abs_section_28
     _SPIC2                                      29       1       1       0   .abs_section_29
     _SPIBR                                      2A       1       1       0   .abs_section_2a
     _SPIS                                       2B       1       1       0   .abs_section_2b
     _SPID                                       2D       1       1       0   .abs_section_2d
     _IICA                                       30       1       1       0   .abs_section_30
     _IICF                                       31       1       1       0   .abs_section_31
     _IICC                                       32       1       1       0   .abs_section_32
     _IICS                                       33       1       1       0   .abs_section_33
     _IICD                                       34       1       1       0   .abs_section_34
     _ICSC1                                      38       1       1       1   .abs_section_38
     _ICSC2                                      39       1       1       1   .abs_section_39
     _ICSTRM                                     3A       1       1       0   .abs_section_3a
     _ICSSC                                      3B       1       1       0   .abs_section_3b
     _MTIMSC                                     3C       1       1       7   .abs_section_3c
     _MTIMCLK                                    3D       1       1       1   .abs_section_3d
     _MTIMCNT                                    3E       1       1       0   .abs_section_3e
     _MTIMMOD                                    3F       1       1       1   .abs_section_3f
     _TPMSC                                      40       1       1       0   .abs_section_40
     _TPMC0SC                                    45       1       1       0   .abs_section_45
     _TPMC1SC                                    48       1       1       0   .abs_section_48
     _SRS                                      1800       1       1       4   .abs_section_1800
     _SBDFR                                    1801       1       1       0   .abs_section_1801
     _SOPT1                                    1802       1       1       1   .abs_section_1802
     _SOPT2                                    1803       1       1       1   .abs_section_1803
     _SRTISC                                   1808       1       1       0   .abs_section_1808
     _SPMSC1                                   1809       1       1       1   .abs_section_1809
     _SPMSC2                                   180A       1       1       1   .abs_section_180a
     _SPMSC3                                   180C       1       1       1   .abs_section_180c
     _DBGC                                     1816       1       1       0   .abs_section_1816
     _DBGT                                     1817       1       1       0   .abs_section_1817
     _DBGS                                     1818       1       1       0   .abs_section_1818
     _FCDIV                                    1820       1       1       1   .abs_section_1820
     _FOPT                                     1821       1       1       0   .abs_section_1821
     _FCNFG                                    1823       1       1       0   .abs_section_1823
     _FPROT                                    1824       1       1       0   .abs_section_1824
     _FSTAT                                    1825       1       1       0   .abs_section_1825
     _FCMD                                     1826       1       1       0   .abs_section_1826
     _PTAPE                                    1840       1       1       0   .abs_section_1840
     _PTASE                                    1841       1       1       1   .abs_section_1841
     _PTADS                                    1842       1       1       1   .abs_section_1842
     _PTBPE                                    1844       1       1       0   .abs_section_1844
     _PTBSE                                    1845       1       1       1   .abs_section_1845
     _PTBDS                                    1846       1       1       1   .abs_section_1846
     _ADCR                                       12       2       2       0   .abs_section_12
     _ADCCV                                      14       2       2       0   .abs_section_14
     _SCIBD                                      20       2       2       1   .abs_section_20
     _TPMCNT                                     41       2       2       0   .abs_section_41
     _TPMMOD                                     43       2       2       0   .abs_section_43
     _TPMC0V                                     46       2       2       0   .abs_section_46
     _TPMC1V                                     49       2       2       0   .abs_section_49
     _SDID                                     1806       2       2       0   .abs_section_1806
     _DBGCA                                    1810       2       2       0   .abs_section_1810
     _DBGCB                                    1812       2       2       0   .abs_section_1812
     _DBGF                                     1814       2       2       0   .abs_section_1814
MODULE:                 -- rtshc08.o (ansiis.lib) --
- PROCEDURES:
     _ILSL                                     FD3F       C      12       1   .text       
- VARIABLES:

*********************************************************************************************
MODULE STATISTIC
  Name                                      Data   Code  Const
---------------------------------------------------------------------------------------------
  MCUinit_c.obj                                0     57      2
  main_c.obj                                 282    628      2
  start08_c.obj                                0    132      0
  mc9s08qg8_c.obj                             85      0      0
  rtshc08.o (ansiis.lib)                       0     12      0
  other                                       64     16     65

*********************************************************************************************
SECTION USE IN OBJECT-ALLOCATION SECTION
---------------------------------------------------------------------------------------------
SECTION: ".text"
  MCU_init SCI_Rx_IRS main _ILSL 
SECTION: ".data"
  PGM 
SECTION: ".init"
  loadByte Init _Startup 
SECTION: ".abs_section_ffbd"
  NVPROT_INIT 
SECTION: ".abs_section_ffbf"
  NVOPT_INIT 
SECTION: ".abs_section_ffe0"
  _Vector_15 
SECTION: ".common"
  temp NumVectores index NewCode ReceivedDataFlag wait_time_ms i posSize 
  posDir size dir count testDir testData SCILoaded interruptVectors 
SECTION: ".abs_section_0"
  _PTAD 
SECTION: ".abs_section_1"
  _PTADD 
SECTION: ".abs_section_2"
  _PTBD 
SECTION: ".abs_section_3"
  _PTBDD 
SECTION: ".abs_section_c"
  _KBISC 
SECTION: ".abs_section_d"
  _KBIPE 
SECTION: ".abs_section_e"
  _KBIES 
SECTION: ".abs_section_f"
  _IRQSC 
SECTION: ".abs_section_10"
  _ADCSC1 
SECTION: ".abs_section_11"
  _ADCSC2 
SECTION: ".abs_section_16"
  _ADCCFG 
SECTION: ".abs_section_17"
  _APCTL1 
SECTION: ".abs_section_1a"
  _ACMPSC 
SECTION: ".abs_section_22"
  _SCIC1 
SECTION: ".abs_section_23"
  _SCIC2 
SECTION: ".abs_section_24"
  _SCIS1 
SECTION: ".abs_section_25"
  _SCIS2 
SECTION: ".abs_section_26"
  _SCIC3 
SECTION: ".abs_section_27"
  _SCID 
SECTION: ".abs_section_28"
  _SPIC1 
SECTION: ".abs_section_29"
  _SPIC2 
SECTION: ".abs_section_2a"
  _SPIBR 
SECTION: ".abs_section_2b"
  _SPIS 
SECTION: ".abs_section_2d"
  _SPID 
SECTION: ".abs_section_30"
  _IICA 
SECTION: ".abs_section_31"
  _IICF 
SECTION: ".abs_section_32"
  _IICC 
SECTION: ".abs_section_33"
  _IICS 
SECTION: ".abs_section_34"
  _IICD 
SECTION: ".abs_section_38"
  _ICSC1 
SECTION: ".abs_section_39"
  _ICSC2 
SECTION: ".abs_section_3a"
  _ICSTRM 
SECTION: ".abs_section_3b"
  _ICSSC 
SECTION: ".abs_section_3c"
  _MTIMSC 
SECTION: ".abs_section_3d"
  _MTIMCLK 
SECTION: ".abs_section_3e"
  _MTIMCNT 
SECTION: ".abs_section_3f"
  _MTIMMOD 
SECTION: ".abs_section_40"
  _TPMSC 
SECTION: ".abs_section_45"
  _TPMC0SC 
SECTION: ".abs_section_48"
  _TPMC1SC 
SECTION: ".abs_section_1800"
  _SRS 
SECTION: ".abs_section_1801"
  _SBDFR 
SECTION: ".abs_section_1802"
  _SOPT1 
SECTION: ".abs_section_1803"
  _SOPT2 
SECTION: ".abs_section_1808"
  _SRTISC 
SECTION: ".abs_section_1809"
  _SPMSC1 
SECTION: ".abs_section_180a"
  _SPMSC2 
SECTION: ".abs_section_180c"
  _SPMSC3 
SECTION: ".abs_section_1816"
  _DBGC 
SECTION: ".abs_section_1817"
  _DBGT 
SECTION: ".abs_section_1818"
  _DBGS 
SECTION: ".abs_section_1820"
  _FCDIV 
SECTION: ".abs_section_1821"
  _FOPT 
SECTION: ".abs_section_1823"
  _FCNFG 
SECTION: ".abs_section_1824"
  _FPROT 
SECTION: ".abs_section_1825"
  _FSTAT 
SECTION: ".abs_section_1826"
  _FCMD 
SECTION: ".abs_section_1840"
  _PTAPE 
SECTION: ".abs_section_1841"
  _PTASE 
SECTION: ".abs_section_1842"
  _PTADS 
SECTION: ".abs_section_1844"
  _PTBPE 
SECTION: ".abs_section_1845"
  _PTBSE 
SECTION: ".abs_section_1846"
  _PTBDS 
SECTION: ".abs_section_12"
  _ADCR 
SECTION: ".abs_section_14"
  _ADCCV 
SECTION: ".abs_section_20"
  _SCIBD 
SECTION: ".abs_section_41"
  _TPMCNT 
SECTION: ".abs_section_43"
  _TPMMOD 
SECTION: ".abs_section_46"
  _TPMC0V 
SECTION: ".abs_section_49"
  _TPMC1V 
SECTION: ".abs_section_1806"
  _SDID 
SECTION: ".abs_section_1810"
  _DBGCA 
SECTION: ".abs_section_1812"
  _DBGCB 
SECTION: ".abs_section_1814"
  _DBGF 

*********************************************************************************************
OBJECT LIST SORTED BY ADDRESS
     Name                                      Addr   hSize   dSize     Ref    Section   RLIB
---------------------------------------------------------------------------------------------
     _PTAD                                        0       1       1       0   .abs_section_0
     _PTADD                                       1       1       1       0   .abs_section_1
     _PTBD                                        2       1       1       0   .abs_section_2
     _PTBDD                                       3       1       1       0   .abs_section_3
     _KBISC                                       C       1       1       0   .abs_section_c
     _KBIPE                                       D       1       1       0   .abs_section_d
     _KBIES                                       E       1       1       0   .abs_section_e
     _IRQSC                                       F       1       1       0   .abs_section_f
     _ADCSC1                                     10       1       1       0   .abs_section_10
     _ADCSC2                                     11       1       1       0   .abs_section_11
     _ADCR                                       12       2       2       0   .abs_section_12
     _ADCCV                                      14       2       2       0   .abs_section_14
     _ADCCFG                                     16       1       1       0   .abs_section_16
     _APCTL1                                     17       1       1       0   .abs_section_17
     _ACMPSC                                     1A       1       1       0   .abs_section_1a
     _SCIBD                                      20       2       2       1   .abs_section_20
     _SCIC1                                      22       1       1       0   .abs_section_22
     _SCIC2                                      23       1       1       3   .abs_section_23
     _SCIS1                                      24       1       1       1   .abs_section_24
     _SCIS2                                      25       1       1       0   .abs_section_25
     _SCIC3                                      26       1       1       0   .abs_section_26
     _SCID                                       27       1       1       1   .abs_section_27
     _SPIC1                                      28       1       1       0   .abs_section_28
     _SPIC2                                      29       1       1       0   .abs_section_29
     _SPIBR                                      2A       1       1       0   .abs_section_2a
     _SPIS                                       2B       1       1       0   .abs_section_2b
     _SPID                                       2D       1       1       0   .abs_section_2d
     _IICA                                       30       1       1       0   .abs_section_30
     _IICF                                       31       1       1       0   .abs_section_31
     _IICC                                       32       1       1       0   .abs_section_32
     _IICS                                       33       1       1       0   .abs_section_33
     _IICD                                       34       1       1       0   .abs_section_34
     _ICSC1                                      38       1       1       1   .abs_section_38
     _ICSC2                                      39       1       1       1   .abs_section_39
     _ICSTRM                                     3A       1       1       0   .abs_section_3a
     _ICSSC                                      3B       1       1       0   .abs_section_3b
     _MTIMSC                                     3C       1       1       7   .abs_section_3c
     _MTIMCLK                                    3D       1       1       1   .abs_section_3d
     _MTIMCNT                                    3E       1       1       0   .abs_section_3e
     _MTIMMOD                                    3F       1       1       1   .abs_section_3f
     _TPMSC                                      40       1       1       0   .abs_section_40
     _TPMCNT                                     41       2       2       0   .abs_section_41
     _TPMMOD                                     43       2       2       0   .abs_section_43
     _TPMC0SC                                    45       1       1       0   .abs_section_45
     _TPMC0V                                     46       2       2       0   .abs_section_46
     _TPMC1SC                                    48       1       1       0   .abs_section_48
     _TPMC1V                                     49       2       2       0   .abs_section_49
     PGM                                        100      3B      59      14   .data       
     temp                                       13B       1       1       6   .common     
     NumVectores                                13C       1       1       1   .common     
     index                                      13D       2       2       4   .common     
     NewCode                                    13F      C8     200      10   .common     
     ReceivedDataFlag                           207       1       1       3   .common     
     wait_time_ms                               208       2       2       7   .common     
     i                                          20A       2       2      23   .common     
     posSize                                    20C       2       2       3   .common     
     posDir                                     20E       2       2       4   .common     
     size                                       210       1       1       4   .common     
     dir                                        211       2       2       2   .common     
     count                                      213       1       1       4   .common     
     testDir                                    214       2       2       1   .common     
     testData                                   216       1       1       2   .common     
     SCILoaded                                  217       1       1       1   .common     
     interruptVectors                           218       2       2       5   .common     
     _SRS                                      1800       1       1       4   .abs_section_1800
     _SBDFR                                    1801       1       1       0   .abs_section_1801
     _SOPT1                                    1802       1       1       1   .abs_section_1802
     _SOPT2                                    1803       1       1       1   .abs_section_1803
     _SDID                                     1806       2       2       0   .abs_section_1806
     _SRTISC                                   1808       1       1       0   .abs_section_1808
     _SPMSC1                                   1809       1       1       1   .abs_section_1809
     _SPMSC2                                   180A       1       1       1   .abs_section_180a
     _SPMSC3                                   180C       1       1       1   .abs_section_180c
     _DBGCA                                    1810       2       2       0   .abs_section_1810
     _DBGCB                                    1812       2       2       0   .abs_section_1812
     _DBGF                                     1814       2       2       0   .abs_section_1814
     _DBGC                                     1816       1       1       0   .abs_section_1816
     _DBGT                                     1817       1       1       0   .abs_section_1817
     _DBGS                                     1818       1       1       0   .abs_section_1818
     _FCDIV                                    1820       1       1       1   .abs_section_1820
     _FOPT                                     1821       1       1       0   .abs_section_1821
     _FCNFG                                    1823       1       1       0   .abs_section_1823
     _FPROT                                    1824       1       1       0   .abs_section_1824
     _FSTAT                                    1825       1       1       0   .abs_section_1825
     _FCMD                                     1826       1       1       0   .abs_section_1826
     _PTAPE                                    1840       1       1       0   .abs_section_1840
     _PTASE                                    1841       1       1       1   .abs_section_1841
     _PTADS                                    1842       1       1       1   .abs_section_1842
     _PTBPE                                    1844       1       1       0   .abs_section_1844
     _PTBSE                                    1845       1       1       1   .abs_section_1845
     _PTBDS                                    1846       1       1       1   .abs_section_1846
     loadByte                                  FA00       E      14       5   .init       
     Init                                      FA0E      6D     109       1   .init       
     _Startup                                  FA7B       9       9       0   .init       
     MCU_init                                  FA92      39      57       1   .text       
     SCI_Rx_IRS                                FACB      20      32       1   .text       
     main                                      FAEB     254     596      13   .text       
     _ILSL                                     FD3F       C      12       1   .text       
     NVPROT_INIT                               FFBD       1       1       0   .abs_section_ffbd
     NVOPT_INIT                                FFBF       1       1       0   .abs_section_ffbf
     _Vector_15                                FFE0       2       2       0   .abs_section_ffe0

*********************************************************************************************
UNUSED-OBJECTS SECTION
---------------------------------------------------------------------------------------------
NOT USED PROCEDURES
rtshc08.o (ansiis.lib):
  _PUSH_ARGS_L _PUSH_ARGS_D _ENTER_UNARY_L _ENTER_UNARY_L64 _ENTER_UNARY_L64_4 
  _ENTER_BINARY_L _ENTER_BINARY_L_RC _ENTER_BINARY_L_LC _ENTER_BINARY_L64 
  _ENTER_BINARY_L64_LC _ENTER_BINARY_L64_RC _IDIVMOD _SPLITSIGN 
  _LADD_k_is_k_plus_j _k_is_k_plus_j_l _k_is_k_plus_j_i _LSUB_k_is_k_minus_j 
  _LAND_k_is_k_and_j _LOR_k_is_k_or_j _LXOR_k_is_k_xor_j _LMUL_k_is_k_mul_j 
  _LDIVMOD _NEG_L_HX _ABS_L_HX _SPLITSIGN_L _LMODU_k_is_k_mod_j 
  _LDIVU_k_is_k_div_j _LMODS_k_is_k_mod_j _LDIVS_k_is_k_div_j _LCMP_k_rel_j 
  _CMP24_k_rel_j _BMULS _BDIVS _BMODS _IMUL_STAR08 _IDIVS_STAR08 _IDIVU_STAR08 
  _IMODS_STAR08 _IMODU_STAR08 _IDIVU_8 _IMODU_8 _IASR _ILSR _ICMP _LINC _LDEC 
  _LNEG _LNOT _LADD _LADD_RC _LSUB _LSUB_LC _LSUB_RC _LAND _LAND_RC _LOR 
  _LOR_RC _LXOR _LXOR_RC _LMUL _LMUL_RC _LDIVS _LDIVS_LC _LDIVS_RC _LDIVU 
  _LDIVU_LC _LDIVU_RC _LMODS _LMODS_LC _LMODS_RC _LMODU _LMODU_LC _LMODU_RC 
  _LASR _LLSR _LLSL _LCMP _LCMP_RC _PUSH_ARGS_24 _ENTER_BINARY_24_RC 
  _ENTER_BINARY_24 _CMP24 _CMP24_RC _COPY _COPY_L _POP32 _POP64 _STORE32 
  _STORE64 _SEXT8_32 _SEXT16_32 _CALL_STAR08 _CALL_STAR08_FAR _Jump_Table_Addr 
  _Jump_Table_Offset _Jump_Table_Header_Addr _Jump_Table_Header_Offset 
  _Search_Table_16_Addr _Search_Table_16_Offset _Search_Table_8_Addr 
  _Search_Table_8_Offset _PUSH_CC _POP_CC _CONV_FAR_TO_NEAR _CONV_FAR_TO_LINEAR 
  _CONV_LINEAR_TO_FAR 
NOT USED VARIABLES
rtshc08.o (ansiis.lib):
  _PowOfTwo_8 _PowOfTwo_16 _PowOfTwo_32 errno 

*********************************************************************************************
COPYDOWN SECTION
---------------------------------------------------------------------------------------------
------- ROM-ADDRESS: 0xFD4B ---- SIZE       4 ---
Filling bytes inserted
 003B0100
------- ROM-ADDRESS: 0xFD4F ---- RAM-ADDRESS: 0x100 ---- SIZE      59 ---
Name of initialized Object : PGM
 87C61825A5 102708C618 25AA10C718
 259EE601F7 A620C71826 451825F6AA
 80F79D9D9D 9D451825F6 F7F6A53027
 04A6FF2007 C61825A540 27F98A81
------- ROM-ADDRESS: 0xFD8A ---- SIZE       2 ---
Filling bytes inserted
 0000

*********************************************************************************************
OBJECT-DEPENDENCIES SECTION
---------------------------------------------------------------------------------------------
Init                      USES _startupData loadByte 
_Startup                  USES __SEG_END_SSTACK Init main 
MCU_init                  USES _SOPT1 _SPMSC1 _SPMSC2 _SPMSC3 _ICSC1 _ICSC2 
                                _SOPT2 _PTASE _PTBSE _PTADS _PTBDS _FCDIV 
SCI_Rx_IRS                USES _SCIS1 index _SCID NewCode ReceivedDataFlag 
                                wait_time_ms 
main                      USES MCU_init count size index ReceivedDataFlag 
                                SCILoaded interruptVectors i NewCode main PGM temp 
                                _SCIBD _SCIC2 wait_time_ms _MTIMSC _MTIMCLK _MTIMMOD 
                                _SRS _ILSL NumVectores posSize posDir dir testDir 
                                testData 
_Vector_15                USES SCI_Rx_IRS 

*********************************************************************************************
DEPENDENCY TREE
*********************************************************************************************
 main and _Startup Group
 | 
 +- main                
 |  | 
 |  +- MCU_init            
 |  |    
 |  +- _ILSL               
 |       
 +- _Startup            
    | 
    +- Init                
    |  | 
    |  +- loadByte            
    |       
    +- main                 (see above)
       
 _Vector_15          
 | 
 +- SCI_Rx_IRS          
      
*********************************************************************************************
STATISTIC SECTION
---------------------------------------------------------------------------------------------

ExeFile:
--------
Number of blocks to be downloaded: 7
Total size of all blocks to be downloaded: 914

